INFO:     Will watch for changes in these directories: ['C:\\Users\\jatin\\Desktop\\nerro\\nerro files\\1 september\\backend']
C:\Users\jatin\AppData\Roaming\Python\Python314\site-packages\sklearn\base.py:525: InconsistentVersionWarning: Trying to unpickle estimator StandardScaler from version 1.8.0 when using version 1.9.0. This might lead to breaking code or invalid results. Use at your own risk. For more info please refer to:
https://scikit-learn.org/stable/model_persistence.html#security-maintainability-limitations
  warnings.warn(
C:\Users\jatin\AppData\Roaming\Python\Python314\site-packages\sklearn\base.py:525: InconsistentVersionWarning: Trying to unpickle estimator LogisticRegression from version 1.8.0 when using version 1.9.0. This might lead to breaking code or invalid results. Use at your own risk. For more info please refer to:
https://scikit-learn.org/stable/model_persistence.html#security-maintainability-limitations
  warnings.warn(
C:\Users\jatin\AppData\Roaming\Python\Python314\site-packages\sklearn\base.py:525: InconsistentVersionWarning: Trying to unpickle estimator Pipeline from version 1.8.0 when using version 1.9.0. This might lead to breaking code or invalid results. Use at your own risk. For more info please refer to:
https://scikit-learn.org/stable/model_persistence.html#security-maintainability-limitations
  warnings.warn(
INFO:     Uvicorn running on http://127.0.0.1:8000 (Press CTRL+C to quit)
INFO:     Started reloader process [12400] using WatchFiles
C:\Users\jatin\AppData\Roaming\Python\Python314\site-packages\sklearn\base.py:525: InconsistentVersionWarning: Trying to unpickle estimator StandardScaler from version 1.8.0 when using version 1.9.0. This might lead to breaking code or invalid results. Use at your own risk. For more info please refer to:
https://scikit-learn.org/stable/model_persistence.html#security-maintainability-limitations
  warnings.warn(
C:\Users\jatin\AppData\Roaming\Python\Python314\site-packages\sklearn\base.py:525: InconsistentVersionWarning: Trying to unpickle estimator LogisticRegression from version 1.8.0 when using version 1.9.0. This might lead to breaking code or invalid results. Use at your own risk. For more info please refer to:
https://scikit-learn.org/stable/model_persistence.html#security-maintainability-limitations
  warnings.warn(
C:\Users\jatin\AppData\Roaming\Python\Python314\site-packages\sklearn\base.py:525: InconsistentVersionWarning: Trying to unpickle estimator Pipeline from version 1.8.0 when using version 1.9.0. This might lead to breaking code or invalid results. Use at your own risk. For more info please refer to:
https://scikit-learn.org/stable/model_persistence.html#security-maintainability-limitations
  warnings.warn(
INFO:     Started server process [9808]
INFO:     Waiting for application startup.
INFO:     Application startup complete.
WARNING:  WatchFiles detected changes in 'app\routing\osrm_adapter.py'. Reloading...
INFO:     Shutting down
INFO:     Waiting for application shutdown.
INFO:     Application shutdown complete.
INFO:     Finished server process [9808]
C:\Users\jatin\AppData\Roaming\Python\Python314\site-packages\sklearn\base.py:525: InconsistentVersionWarning: Trying to unpickle estimator StandardScaler from version 1.8.0 when using version 1.9.0. This might lead to breaking code or invalid results. Use at your own risk. For more info please refer to:
https://scikit-learn.org/stable/model_persistence.html#security-maintainability-limitations
  warnings.warn(
C:\Users\jatin\AppData\Roaming\Python\Python314\site-packages\sklearn\base.py:525: InconsistentVersionWarning: Trying to unpickle estimator LogisticRegression from version 1.8.0 when using version 1.9.0. This might lead to breaking code or invalid results. Use at your own risk. For more info please refer to:
https://scikit-learn.org/stable/model_persistence.html#security-maintainability-limitations
  warnings.warn(
C:\Users\jatin\AppData\Roaming\Python\Python314\site-packages\sklearn\base.py:525: InconsistentVersionWarning: Trying to unpickle estimator Pipeline from version 1.8.0 when using version 1.9.0. This might lead to breaking code or invalid results. Use at your own risk. For more info please refer to:
https://scikit-learn.org/stable/model_persistence.html#security-maintainability-limitations
  warnings.warn(
INFO:     Started server process [20652]
INFO:     Waiting for application startup.
INFO:     Application startup complete.
WARNING:  WatchFiles detected changes in 'app\domain\models.py'. Reloading...
INFO:     Shutting down
INFO:     Waiting for application shutdown.
INFO:     Application shutdown complete.
INFO:     Finished server process [20652]
WARNING:  WatchFiles detected changes in 'app\routing\service.py'. Reloading...
C:\Users\jatin\AppData\Roaming\Python\Python314\site-packages\sklearn\base.py:525: InconsistentVersionWarning: Trying to unpickle estimator StandardScaler from version 1.8.0 when using version 1.9.0. This might lead to breaking code or invalid results. Use at your own risk. For more info please refer to:
https://scikit-learn.org/stable/model_persistence.html#security-maintainability-limitations
  warnings.warn(
C:\Users\jatin\AppData\Roaming\Python\Python314\site-packages\sklearn\base.py:525: InconsistentVersionWarning: Trying to unpickle estimator LogisticRegression from version 1.8.0 when using version 1.9.0. This might lead to breaking code or invalid results. Use at your own risk. For more info please refer to:
https://scikit-learn.org/stable/model_persistence.html#security-maintainability-limitations
  warnings.warn(
C:\Users\jatin\AppData\Roaming\Python\Python314\site-packages\sklearn\base.py:525: InconsistentVersionWarning: Trying to unpickle estimator Pipeline from version 1.8.0 when using version 1.9.0. This might lead to breaking code or invalid results. Use at your own risk. For more info please refer to:
https://scikit-learn.org/stable/model_persistence.html#security-maintainability-limitations
  warnings.warn(
INFO:     Started server process [2100]
INFO:     Waiting for application startup.
INFO:     Application startup complete.
INFO:     Shutting down
INFO:     Waiting for application shutdown.
INFO:     Application shutdown complete.
INFO:     Finished server process [2100]
C:\Users\jatin\AppData\Roaming\Python\Python314\site-packages\sklearn\base.py:525: InconsistentVersionWarning: Trying to unpickle estimator StandardScaler from version 1.8.0 when using version 1.9.0. This might lead to breaking code or invalid results. Use at your own risk. For more info please refer to:
https://scikit-learn.org/stable/model_persistence.html#security-maintainability-limitations
  warnings.warn(
C:\Users\jatin\AppData\Roaming\Python\Python314\site-packages\sklearn\base.py:525: InconsistentVersionWarning: Trying to unpickle estimator LogisticRegression from version 1.8.0 when using version 1.9.0. This might lead to breaking code or invalid results. Use at your own risk. For more info please refer to:
https://scikit-learn.org/stable/model_persistence.html#security-maintainability-limitations
  warnings.warn(
C:\Users\jatin\AppData\Roaming\Python\Python314\site-packages\sklearn\base.py:525: InconsistentVersionWarning: Trying to unpickle estimator Pipeline from version 1.8.0 when using version 1.9.0. This might lead to breaking code or invalid results. Use at your own risk. For more info please refer to:
https://scikit-learn.org/stable/model_persistence.html#security-maintainability-limitations
  warnings.warn(
INFO:     Started server process [12852]
INFO:     Waiting for application startup.
INFO:     Application startup complete.
WARNING:  WatchFiles detected changes in 'app\intelligence\model_adapter.py'. Reloading...
INFO:     Shutting down
INFO:     Waiting for application shutdown.
INFO:     Application shutdown complete.
INFO:     Finished server process [12852]
WARNING:  WatchFiles detected changes in 'app\routing\service.py', 'app\api\routes.py'. Reloading...
C:\Users\jatin\AppData\Roaming\Python\Python314\site-packages\sklearn\base.py:525: InconsistentVersionWarning: Trying to unpickle estimator StandardScaler from version 1.8.0 when using version 1.9.0. This might lead to breaking code or invalid results. Use at your own risk. For more info please refer to:
https://scikit-learn.org/stable/model_persistence.html#security-maintainability-limitations
  warnings.warn(
C:\Users\jatin\AppData\Roaming\Python\Python314\site-packages\sklearn\base.py:525: InconsistentVersionWarning: Trying to unpickle estimator LogisticRegression from version 1.8.0 when using version 1.9.0. This might lead to breaking code or invalid results. Use at your own risk. For more info please refer to:
https://scikit-learn.org/stable/model_persistence.html#security-maintainability-limitations
  warnings.warn(
C:\Users\jatin\AppData\Roaming\Python\Python314\site-packages\sklearn\base.py:525: InconsistentVersionWarning: Trying to unpickle estimator Pipeline from version 1.8.0 when using version 1.9.0. This might lead to breaking code or invalid results. Use at your own risk. For more info please refer to:
https://scikit-learn.org/stable/model_persistence.html#security-maintainability-limitations
  warnings.warn(
INFO:     Started server process [16176]
INFO:     Waiting for application startup.
INFO:     Application startup complete.
WARNING:  WatchFiles detected changes in 'app\intelligence\model_adapter.py'. Reloading...
INFO:     Shutting down
INFO:     Waiting for application shutdown.
INFO:     Application shutdown complete.
INFO:     Finished server process [16176]
