12:05:02 AM [vite] (client) [console.error] [vite] Failed to reload /src/components/FleetView.tsx. This could be due to syntax errors or importing non-existent modules. (see errors above)
8:53:15 AM [vite] (client) [Unhandled error] TypeError: Cannot read properties of undefined (reading 'coordinates')
 > OperationsMap src/components/OperationsMap.tsx:63:53
    61 |        <LayersControl position="topright">
    62 |          <LayersControl.Overlay checked name="NER operating boundary">
    63 |            <LayerGroup>{snapshot.operational_boundary.coordinates.map((polygon, index) => (
       |                                                       ^
    64 |              <Polygon key={`ner-boundary-${index}`} positions={polygon[0].map(([longitude, latitude]) => [latitude, lo...
    65 |                <Tooltip sticky>North Eastern Region operating boundary</Tooltip>
 > Object.react_stack_bottom_frame node_modules/react-dom/cjs/react-dom-client.development.js:25904:19
 > renderWithHooks node_modules/react-dom/cjs/react-dom-client.development.js:7662:21
 > updateFunctionComponent node_modules/react-dom/cjs/react-dom-client.development.js:10166:18
 > beginWork node_modules/react-dom/cjs/react-dom-client.development.js:11778:17
 > runWithFiberInDEV node_modules/react-dom/cjs/react-dom-client.development.js:871:29
 > performUnitOfWork node_modules/react-dom/cjs/react-dom-client.development.js:17641:21
 > workLoopSync node_modules/react-dom/cjs/react-dom-client.development.js:17469:40
 > renderRootSync node_modules/react-dom/cjs/react-dom-client.development.js:17450:10
 > performWorkOnRoot node_modules/react-dom/cjs/react-dom-client.development.js:16583:34

8:53:15 AM [vite] (client) [console.warn] An error occurred in the <OperationsMap> component.

Consider adding an error boundary to your tree to customize error handling behavior.
Visit https://react.dev/link/error-boundaries to learn more about error boundaries.

